---
source: azure-pipelines-analyzer/src/syntax/parser/tests.rs
expression: parser.finish()
---
Parse {
    node: Directive@0..17
      DirectiveToken@0..1 "%"
      DirectiveName@1..5 "YAML"
      DirectiveParameter@5..8 "1.2"
      CommentToken@8..9 "#"
      CommentText@9..17 "#comment"
    ,
    errors: [],
}
