---
source: azure-pipelines-analyzer/src/syntax/parser/tests.rs
expression: parse
---
Parse {
    node: Root@0..5
      TagProperty@0..5
        TagToken@0..1 "!"
        NamedTagHandle@1..4 "foo"
        TagToken@4..5 "!"
        Error@5..5 ""
    ,
    errors: [
        Diagnostic {
            span: 5..5,
            severity: Error,
            message: "expected tag suffix",
        },
    ],
}
