---
source: azure-pipelines-analyzer/src/syntax/parser/tests.rs
expression: parse
---
Parse {
    node: Root@0..1
      DirectiveToken@0..1 "%"
      Error@1..1 ""
    ,
    errors: [
        Diagnostic {
            span: 1..1,
            severity: Error,
            message: "expected directive name",
        },
    ],
}
